Initializing cgroup subsys cpuset
Initializing cgroup subsys cpu
Linux version 2.6.32-358.el6.x86_64 (mockbuild@x86-022.build.eng.bos.redhat.com) (gcc version 4.4.7 20120313 (Red Hat 4.4.7-3) (GCC) ) #1 SMP Tue Jan 29 11:47:41 EST 2013
Command line: ro root=/dev/mapper/vg_devsv02-lv_root nomodeset rd_NO_LUKS LANG=en_US.UTF-8 rd_LVM_LV=vg_devsv02/lv_swap rd_NO_MD SYSFONT=latarcyrheb-sun16 crashkernel=auto rd_NO_DM  KEYBOARDTYPE=pc KEYTABLE=us rd_LVM_LV=vg_devsv02/lv_root rhgb quiet
KERNEL supported cpus:
  Intel GenuineIntel
  AMD AuthenticAMD
  Centaur CentaurHauls
BIOS-provided physical RAM map:
 BIOS-e820: 0000000000000000 - 000000000009b400 (usable)
 BIOS-e820: 000000000009b400 - 00000000000a0000 (reserved)
 BIOS-e820: 00000000000e0000 - 0000000000100000 (reserved)
 BIOS-e820: 0000000000100000 - 00000000bf7a0000 (usable)
 BIOS-e820: 00000000bf7a0000 - 00000000bf7bc000 (ACPI data)
 BIOS-e820: 00000000bf7bc000 - 00000000bf7bd000 (ACPI NVS)
 BIOS-e820: 00000000bf7bd000 - 00000000bf7ff000 (reserved)
 BIOS-e820: 00000000bf800000 - 00000000c0000000 (reserved)
 BIOS-e820: 00000000e0000000 - 00000000f0000000 (reserved)
 BIOS-e820: 00000000fec00000 - 00000000fec10000 (reserved)
 BIOS-e820: 00000000fee00000 - 00000000fee01000 (reserved)
 BIOS-e820: 00000000ff000000 - 0000000100000000 (reserved)
 BIOS-e820: 0000000100000000 - 0000000440000000 (usable)
DMI present.
SMBIOS version 2.6 @ 0xF6DF0
DMI: NEC           Express5800/GT110b [N8100-1592Y]                      /GA-6FASV                      , BIOS 1.0.4109 08/23/2010
Phoenix BIOS detected: BIOS may corrupt low RAM, working around it.
e820 update range: 0000000000000000 - 0000000000010000 (usable) ==> (reserved)
e820 update range: 0000000000000000 - 0000000000001000 (usable) ==> (reserved)
e820 remove range: 00000000000a0000 - 0000000000100000 (usable)
last_pfn = 0x440000 max_arch_pfn = 0x400000000
MTRR default type: uncachable
MTRR fixed ranges enabled:
  00000-9FFFF write-back
  A0000-BFFFF uncachable
  C0000-CFFFF write-protect
  D0000-DFFFF uncachable
  E0000-FFFFF write-protect
MTRR variable ranges enabled:
  0 base 0C0000000 mask FC0000000 uncachable
  1 base 000000000 mask C00000000 write-back
  2 base 400000000 mask FC0000000 write-back
  3 base 0BF800000 mask FFF800000 uncachable
  4 disabled
  5 disabled
  6 disabled
  7 disabled
x86 PAT enabled: cpu 0, old 0x7040600070406, new 0x7010600070106
original variable MTRRs
reg 0, base: 3GB, range: 1GB, type UC
reg 1, base: 0GB, range: 16GB, type WB
reg 2, base: 16GB, range: 1GB, type WB
reg 3, base: 3064MB, range: 8MB, type UC
total RAM covered: 16376M
Found optimal setting for mtrr clean up
 gran_size: 64K 	chunk_size: 16M 	num_reg: 6  	lose cover RAM: 0G
New variable MTRRs
reg 0, base: 0GB, range: 2GB, type WB
reg 1, base: 2GB, range: 1GB, type WB
reg 2, base: 3064MB, range: 8MB, type UC
reg 3, base: 4GB, range: 4GB, type WB
reg 4, base: 8GB, range: 8GB, type WB
reg 5, base: 16GB, range: 1GB, type WB
e820 update range: 00000000bf800000 - 0000000100000000 (usable) ==> (reserved)
last_pfn = 0xbf7a0 max_arch_pfn = 0x400000000
initial memory mapped : 0 - 20000000
init_memory_mapping: 0000000000000000-00000000bf7a0000
 0000000000 - 00bf600000 page 2M
 00bf600000 - 00bf7a0000 page 4k
kernel direct mapping tables up to bf7a0000 @ 10000-15000
init_memory_mapping: 0000000100000000-0000000440000000
 0100000000 - 0440000000 page 2M
kernel direct mapping tables up to 440000000 @ 13000-25000
RAMDISK: 37079000 - 37fefd39
ACPI: RSDP 00000000000f6e60 00024 (v02 PTLTD )
ACPI: XSDT 00000000bf7b6419 0006C (v01 PTLTD  ? XSDT   06040000  LTP 00000000)
ACPI: FACP 00000000bf7bbcc6 000F4 (v03 INTEL  LYNNFLD  06040000 PTL  00000002)
ACPI: DSDT 00000000bf7b6485 057BD (v01  Intel LYNNFLD  06040000 MSFT 03000001)
ACPI: FACS 00000000bf7bcfc0 00040
ACPI: TCPA 00000000bf7bbdba 00032 (v01 Intel  TYLERBRG 06040000 LOHR 0000005A)
ACPI: SSDT 00000000bf7ae3d1 0346C (v01  INTEL PPM RCM  80000001 INTL 20061109)
ACPI: DMAR 00000000bf7bbe10 00068 (v01 Intel  OEMDMAR  06040000 LOHR 00000001)
ACPI: APIC 00000000bf7bbe78 000BC (v01 PTLTD  ? APIC   06040000  LTP 00000000)
ACPI: MCFG 00000000bf7bbf34 0003C (v01 PTLTD    MCFG   06040000  LTP 00000000)
ACPI: HPET 00000000bf7bbf70 00038 (v01 PTLTD  HPETTBL  06040000  LTP 00000001)
ACPI: BOOT 00000000bf7bbfa8 00028 (v01 PTLTD  $SBFTBL$ 06040000  LTP 00000001)
ACPI: BERT 00000000bf7bbfd0 00030 (v01 PTL    WHEAPTL  06040000 PTL  00000001)
ACPI: Local APIC address 0xfee00000
Setting APIC routing to flat.
No NUMA configuration found
Faking a node at 0000000000000000-0000000440000000
Bootmem setup node 0 0000000000000000-0000000440000000
  NODE_DATA [0000000000020000 - 0000000000053fff]
  bootmap [0000000000100000 -  0000000000187fff] pages 88
(8 early reservations) ==> bootmem [0000000000 - 0440000000]
  #0 [0000000000 - 0000001000]   BIOS data page ==> [0000000000 - 0000001000]
  #1 [0000006000 - 0000008000]       TRAMPOLINE ==> [0000006000 - 0000008000]
  #2 [0001000000 - 000201b0a4]    TEXT DATA BSS ==> [0001000000 - 000201b0a4]
  #3 [0037079000 - 0037fefd39]          RAMDISK ==> [0037079000 - 0037fefd39]
  #4 [000009b400 - 0000100000]    BIOS reserved ==> [000009b400 - 0000100000]
  #5 [000201c000 - 000201c1d8]              BRK ==> [000201c000 - 000201c1d8]
  #6 [0000010000 - 0000013000]          PGTABLE ==> [0000010000 - 0000013000]
  #7 [0000013000 - 0000020000]          PGTABLE ==> [0000013000 - 0000020000]
found SMP MP-table at [ffff8800000f6e90] f6e90
Reserving 130MB of memory at 48MB for crashkernel (System RAM: 17408MB)
 [ffffea0000000000-ffffea000edfffff] PMD -> [ffff880028600000-ffff8800365fffff] on node 0
Zone PFN ranges:
  DMA      0x00000010 -> 0x00001000
  DMA32    0x00001000 -> 0x00100000
  Normal   0x00100000 -> 0x00440000
Movable zone start PFN for each node
early_node_map[3] active PFN ranges
    0: 0x00000010 -> 0x0000009b
    0: 0x00000100 -> 0x000bf7a0
    0: 0x00100000 -> 0x00440000
On node 0 totalpages: 4192043
  DMA zone: 56 pages used for memmap
  DMA zone: 119 pages reserved
  DMA zone: 3804 pages, LIFO batch:0
  DMA32 zone: 14280 pages used for memmap
  DMA32 zone: 765912 pages, LIFO batch:31
  Normal zone: 46592 pages used for memmap
  Normal zone: 3361280 pages, LIFO batch:31
ACPI: PM-Timer IO Port: 0x1008
ACPI: Local APIC address 0xfee00000
Setting APIC routing to flat.
ACPI: LAPIC (acpi_id[0x00] lapic_id[0x00] enabled)
ACPI: LAPIC (acpi_id[0x01] lapic_id[0x02] enabled)
ACPI: LAPIC (acpi_id[0x02] lapic_id[0x04] enabled)
ACPI: LAPIC (acpi_id[0x03] lapic_id[0x06] enabled)
ACPI: LAPIC (acpi_id[0x04] lapic_id[0x01] enabled)
ACPI: LAPIC (acpi_id[0x05] lapic_id[0x03] enabled)
ACPI: LAPIC (acpi_id[0x06] lapic_id[0x05] enabled)
ACPI: LAPIC (acpi_id[0x07] lapic_id[0x07] enabled)
ACPI: LAPIC_NMI (acpi_id[0x00] high edge lint[0x1])
ACPI: LAPIC_NMI (acpi_id[0x01] high edge lint[0x1])
ACPI: LAPIC_NMI (acpi_id[0x02] high edge lint[0x1])
ACPI: LAPIC_NMI (acpi_id[0x03] high edge lint[0x1])
ACPI: LAPIC_NMI (acpi_id[0x04] high edge lint[0x1])
ACPI: LAPIC_NMI (acpi_id[0x05] high edge lint[0x1])
ACPI: LAPIC_NMI (acpi_id[0x06] high edge lint[0x1])
ACPI: LAPIC_NMI (acpi_id[0x07] high edge lint[0x1])
ACPI: IOAPIC (id[0x08] address[0xfec00000] gsi_base[0])
IOAPIC[0]: apic_id 8, version 32, address 0xfec00000, GSI 0-23
ACPI: INT_SRC_OVR (bus 0 bus_irq 0 global_irq 2 high edge)
ACPI: INT_SRC_OVR (bus 0 bus_irq 9 global_irq 9 high level)
ACPI: IRQ0 used by override.
ACPI: IRQ2 used by override.
ACPI: IRQ9 used by override.
Using ACPI (MADT) for SMP configuration information
ACPI: HPET id: 0x8086a701 base: 0xfed00000
SMP: Allowing 8 CPUs, 0 hotplug CPUs
nr_irqs_gsi: 24
PM: Registered nosave memory: 000000000009b000 - 000000000009c000
PM: Registered nosave memory: 000000000009c000 - 00000000000a0000
PM: Registered nosave memory: 00000000000a0000 - 00000000000e0000
PM: Registered nosave memory: 00000000000e0000 - 0000000000100000
PM: Registered nosave memory: 00000000bf7a0000 - 00000000bf7bc000
PM: Registered nosave memory: 00000000bf7bc000 - 00000000bf7bd000
PM: Registered nosave memory: 00000000bf7bd000 - 00000000bf7ff000
PM: Registered nosave memory: 00000000bf7ff000 - 00000000bf800000
PM: Registered nosave memory: 00000000bf800000 - 00000000c0000000
PM: Registered nosave memory: 00000000c0000000 - 00000000e0000000
PM: Registered nosave memory: 00000000e0000000 - 00000000f0000000
PM: Registered nosave memory: 00000000f0000000 - 00000000fec00000
PM: Registered nosave memory: 00000000fec00000 - 00000000fec10000
PM: Registered nosave memory: 00000000fec10000 - 00000000fee00000
PM: Registered nosave memory: 00000000fee00000 - 00000000fee01000
PM: Registered nosave memory: 00000000fee01000 - 00000000ff000000
PM: Registered nosave memory: 00000000ff000000 - 0000000100000000
Allocating PCI resources starting at c0000000 (gap: c0000000:20000000)
Booting paravirtualized kernel on bare hardware
NR_CPUS:4096 nr_cpumask_bits:8 nr_cpu_ids:8 nr_node_ids:1
PERCPU: Embedded 31 pages/cpu @ffff880028200000 s94552 r8192 d24232 u262144
pcpu-alloc: s94552 r8192 d24232 u262144 alloc=1*2097152
pcpu-alloc: [0] 0 1 2 3 4 5 6 7 
Built 1 zonelists in Zone order, mobility grouping on.  Total pages: 4130996
Policy zone: Normal
Kernel command line: ro root=/dev/mapper/vg_devsv02-lv_root nomodeset rd_NO_LUKS LANG=en_US.UTF-8 rd_LVM_LV=vg_devsv02/lv_swap rd_NO_MD SYSFONT=latarcyrheb-sun16 crashkernel=130M@0M rd_NO_DM  KEYBOARDTYPE=pc KEYTABLE=us rd_LVM_LV=vg_devsv02/lv_root rhgb quiet
PID hash table entries: 4096 (order: 3, 32768 bytes)
Checking aperture...
No AGP bridge found
PCI-DMA: Using software bounce buffering for IO (SWIOTLB)
Placing 64MB software IO TLB between ffff880020000000 - ffff880024000000
software IO TLB at phys 0x20000000 - 0x24000000
Memory: 16305740k/17825792k available (5220k kernel code, 1057620k absent, 462432k reserved, 7121k data, 1264k init)
Hierarchical RCU implementation.
NR_IRQS:33024 nr_irqs:472
Extended CMOS year: 2000
Console: colour VGA+ 80x25
console [tty0] enabled
allocated 67108864 bytes of page_cgroup
please try 'cgroup_disable=memory' option if you don't want memory cgroups
hpet clockevent registered
Fast TSC calibration using PIT
Detected 2526.720 MHz processor.
Calibrating delay loop (skipped), value calculated using timer frequency.. 5053.44 BogoMIPS (lpj=2526720)
pid_max: default: 32768 minimum: 301
Security Framework initialized
SELinux:  Initializing.
SELinux:  Starting in permissive mode
Dentry cache hash table entries: 2097152 (order: 12, 16777216 bytes)
Inode-cache hash table entries: 1048576 (order: 11, 8388608 bytes)
Mount-cache hash table entries: 256
Initializing cgroup subsys ns
Initializing cgroup subsys cpuacct
Initializing cgroup subsys memory
Initializing cgroup subsys devices
Initializing cgroup subsys freezer
Initializing cgroup subsys net_cls
Initializing cgroup subsys blkio
Initializing cgroup subsys perf_event
Initializing cgroup subsys net_prio
CPU: Physical Processor ID: 0
CPU: Processor Core ID: 0
mce: CPU supports 9 MCE banks
CPU0: Thermal monitoring enabled (TM1)
using mwait in idle threads.
ACPI: Core revision 20090903
ftrace: converting mcount calls to 0f 1f 44 00 00
ftrace: allocating 21428 entries in 85 pages
dmar: Host address width 36
dmar: DRHD base: 0x000000fe710000 flags: 0x1
dmar: IOMMU 0: reg_base_addr fe710000 ver 1:0 cap c90780106f0462 ecap f02062
dmar: RMRR base: 0x000000bf7d7000 end: 0x000000bf7e6bff
dmar: No ATSR found
Setting APIC routing to flat
..TIMER: vector=0x30 apic1=0 pin1=2 apic2=-1 pin2=-1
CPU0: Intel(R) Xeon(R) CPU           X3440  @ 2.53GHz stepping 05
Performance Events: PEBS fmt1+, Nehalem events, Intel PMU driver.
CPU erratum AAJ80 worked around
CPUID marked event: 'bus cycles' unavailable
... version:                3
... bit width:              48
... generic registers:      4
... value mask:             0000ffffffffffff
... max period:             000000007fffffff
... fixed-purpose events:   3
... event mask:             000000070000000f
NMI watchdog enabled, takes one hw-pmu counter.
Booting Node   0, Processors  #1 #2 #3 #4 #5 #6 #7 Ok.
Brought up 8 CPUs
Total of 8 processors activated (40427.52 BogoMIPS).
sizeof(vma)=200 bytes
sizeof(page)=56 bytes
sizeof(inode)=592 bytes
sizeof(dentry)=192 bytes
sizeof(ext3inode)=800 bytes
sizeof(buffer_head)=104 bytes
sizeof(skbuff)=232 bytes
sizeof(task_struct)=2648 bytes
devtmpfs: initialized
PM: Registering ACPI NVS region at bf7bc000 (4096 bytes)
regulator: core version 0.5
NET: Registered protocol family 16
ACPI: bus type pci registered
PCI: MCFG configuration 0: base e0000000 segment 0 buses 0 - 16
PCI: MCFG area at e0000000 reserved in E820
PCI: Using MMCONFIG at e0000000 - e10fffff
PCI: Using configuration type 1 for base access
bio: create slab <bio-0> at 0
ACPI: EC: Look up EC in DSDT
ACPI Warning for \_SB_._OSC: Return type mismatch - found Integer, expected Buffer (20090903/nspredef-1018)
\_SB_:_OSC evaluation returned wrong type
_OSC request data:1 17 
ACPI: Interpreter enabled
ACPI: (supports S0 S1 S4 S5)
ACPI: Using IOAPIC for interrupt routing
ACPI: No dock devices found.
HEST: Table not found.
PCI: Using host bridge windows from ACPI; if necessary, use "pci=nocrs" and report a bug
ACPI: PCI Root Bridge [PCI0] (domain 0000 [bus 00-ff])
pci_root PNP0A08:00: host bridge window [io  0x0000-0x0cf7]
pci_root PNP0A08:00: host bridge window [io  0x0d00-0xffff]
pci_root PNP0A08:00: host bridge window [mem 0x000a0000-0x000bffff]
pci_root PNP0A08:00: host bridge window [mem 0x000d4000-0x000d7fff]
pci_root PNP0A08:00: host bridge window [mem 0x000d8000-0x000dbfff]
pci_root PNP0A08:00: host bridge window [mem 0x000dc000-0x000dffff]
pci_root PNP0A08:00: host bridge window [mem 0xc0000000-0xdfffffff]
pci 0000:00:03.0: PME# supported from D0 D3hot D3cold
pci 0000:00:03.0: PME# disabled
pci 0000:00:1a.0: reg 10: [mem 0xdc500000-0xdc5003ff]
pci 0000:00:1a.0: PME# supported from D0 D3hot D3cold
pci 0000:00:1a.0: PME# disabled
pci 0000:00:1c.0: PME# supported from D0 D3hot D3cold
pci 0000:00:1c.0: PME# disabled
pci 0000:00:1c.4: PME# supported from D0 D3hot D3cold
pci 0000:00:1c.4: PME# disabled
pci 0000:00:1c.7: PME# supported from D0 D3hot D3cold
pci 0000:00:1c.7: PME# disabled
pci 0000:00:1d.0: reg 10: [mem 0xdc501000-0xdc5013ff]
pci 0000:00:1d.0: PME# supported from D0 D3hot D3cold
pci 0000:00:1d.0: PME# disabled
pci 0000:00:1f.2: reg 10: [io  0x1830-0x1837]
pci 0000:00:1f.2: reg 14: [io  0x1824-0x1827]
pci 0000:00:1f.2: reg 18: [io  0x1828-0x182f]
pci 0000:00:1f.2: reg 1c: [io  0x1820-0x1823]
pci 0000:00:1f.2: reg 20: [io  0x1810-0x181f]
pci 0000:00:1f.2: reg 24: [io  0x1800-0x180f]
pci 0000:00:1f.3: reg 10: [mem 0xdc502000-0xdc5020ff 64bit]
pci 0000:00:1f.3: reg 20: [io  0x1840-0x185f]
pci 0000:00:1f.5: reg 10: [io  0x1888-0x188f]
pci 0000:00:1f.5: reg 14: [io  0x183c-0x183f]
pci 0000:00:1f.5: reg 18: [io  0x1880-0x1887]
pci 0000:00:1f.5: reg 1c: [io  0x1838-0x183b]
pci 0000:00:1f.5: reg 20: [io  0x1870-0x187f]
pci 0000:00:1f.5: reg 24: [io  0x1860-0x186f]
pci 0000:00:03.0: PCI bridge to [bus 01-01]
pci 0000:00:03.0:   bridge window [io  0xf000-0x0000] (disabled)
pci 0000:00:03.0:   bridge window [mem 0xfff00000-0x000fffff] (disabled)
pci 0000:00:03.0:   bridge window [mem 0xfff00000-0x000fffff pref] (disabled)
pci 0000:05:00.0: reg 10: [io  0x2000-0x20ff]
pci 0000:05:00.0: reg 14: [mem 0xdc040000-0xdc043fff 64bit]
pci 0000:05:00.0: reg 1c: [mem 0xdc000000-0xdc03ffff 64bit]
pci 0000:05:00.0: reg 30: [mem 0x00000000-0x0003ffff pref]
pci 0000:05:00.0: supports D1 D2
pci 0000:00:1c.0: PCI bridge to [bus 05-05]
pci 0000:00:1c.0:   bridge window [io  0x2000-0x2fff]
pci 0000:00:1c.0:   bridge window [mem 0xdc000000-0xdc0fffff]
pci 0000:00:1c.0:   bridge window [mem 0xfff00000-0x000fffff pref] (disabled)
pci 0000:00:1c.4: PCI bridge to [bus 0d-0d]
pci 0000:00:1c.4:   bridge window [io  0xf000-0x0000] (disabled)
pci 0000:00:1c.4:   bridge window [mem 0xfff00000-0x000fffff] (disabled)
pci 0000:00:1c.4:   bridge window [mem 0xfff00000-0x000fffff pref] (disabled)
pci 0000:0e:00.0: reg 10: [mem 0xdc120000-0xdc13ffff]
pci 0000:0e:00.0: reg 18: [io  0x3000-0x301f]
pci 0000:0e:00.0: reg 1c: [mem 0xdc100000-0xdc103fff]
pci 0000:0e:00.0: PME# supported from D0 D3hot D3cold
pci 0000:0e:00.0: PME# disabled
pci 0000:00:1c.7: PCI bridge to [bus 0e-0e]
pci 0000:00:1c.7:   bridge window [io  0x3000-0x3fff]
pci 0000:00:1c.7:   bridge window [mem 0xdc100000-0xdc1fffff]
pci 0000:00:1c.7:   bridge window [mem 0xfff00000-0x000fffff pref] (disabled)
pci 0000:11:00.0: reg 10: [mem 0xd0000000-0xd7ffffff pref]
pci 0000:11:00.0: reg 14: [io  0x4000-0x40ff]
pci 0000:11:00.0: reg 18: [mem 0xdc240000-0xdc24ffff]
pci 0000:11:00.0: reg 30: [mem 0x00000000-0x0001ffff pref]
pci 0000:11:00.0: supports D1 D2
pci 0000:11:03.0: reg 10: [mem 0xd8000000-0xdbffffff pref]
pci 0000:11:03.0: reg 14: [mem 0xdc200000-0xdc23ffff]
pci 0000:11:03.0: reg 18: [io  0x4400-0x447f]
pci 0000:11:03.0: supports D1 D2
pci 0000:00:1e.0: PCI bridge to [bus 11-11] (subtractive decode)
pci 0000:00:1e.0:   bridge window [io  0x4000-0x4fff]
pci 0000:00:1e.0:   bridge window [mem 0xdc200000-0xdc2fffff]
pci 0000:00:1e.0:   bridge window [mem 0xd0000000-0xdbffffff 64bit pref]
pci 0000:00:1e.0:   bridge window [io  0x0000-0x0cf7] (subtractive decode)
pci 0000:00:1e.0:   bridge window [io  0x0d00-0xffff] (subtractive decode)
pci 0000:00:1e.0:   bridge window [mem 0x000a0000-0x000bffff] (subtractive decode)
pci 0000:00:1e.0:   bridge window [mem 0x000d4000-0x000d7fff] (subtractive decode)
pci 0000:00:1e.0:   bridge window [mem 0x000d8000-0x000dbfff] (subtractive decode)
pci 0000:00:1e.0:   bridge window [mem 0x000dc000-0x000dffff] (subtractive decode)
pci 0000:00:1e.0:   bridge window [mem 0xc0000000-0xdfffffff] (subtractive decode)
ACPI: PCI Interrupt Routing Table [\_SB_.PCI0._PRT]
ACPI: PCI Interrupt Routing Table [\_SB_.PCI0.P0P3._PRT]
ACPI: PCI Interrupt Routing Table [\_SB_.PCI0.PEX1._PRT]
ACPI: PCI Interrupt Routing Table [\_SB_.PCI0.PEX5._PRT]
ACPI: PCI Interrupt Routing Table [\_SB_.PCI0.PEX8._PRT]
ACPI: PCI Interrupt Routing Table [\_SB_.PCI0.PCIB._PRT]
 pci0000:00: Requesting ACPI _OSC control (0x1d)
Unable to assume _OSC PCIe control. Disabling ASPM
ACPI: PCI Interrupt Link [LNKA] (IRQs 3 4 5 6 7 10 *11 14 15)
ACPI: PCI Interrupt Link [LNKB] (IRQs 3 4 5 6 7 10 *11 14 15)
ACPI: PCI Interrupt Link [LNKC] (IRQs 3 4 5 6 7 *10 11 14 15)
ACPI: PCI Interrupt Link [LNKD] (IRQs 3 4 5 6 7 *10 11 14 15)
ACPI: PCI Interrupt Link [LNKE] (IRQs 3 4 5 6 7 10 11 14 15) *0, disabled.
ACPI: PCI Interrupt Link [LNKF] (IRQs 4 5 6 7 10 11 14 15) *0, disabled.
ACPI: PCI Interrupt Link [LNKG] (IRQs 3 4 5 6 7 10 11 14 15) *0, disabled.
ACPI: PCI Interrupt Link [LNKH] (IRQs 4 5 6 7 10 11 14 15) *9
vgaarb: device added: PCI:0000:11:00.0,decodes=io+mem,owns=io+mem,locks=none
vgaarb: device added: PCI:0000:11:03.0,decodes=io+mem,owns=none,locks=none
vgaarb: loaded
vgaarb: no bridge control possible 0000:11:03.0
vgaarb: no bridge control possible 0000:11:00.0
SCSI subsystem initialized
libata version 3.00 loaded.
usbcore: registered new interface driver usbfs
usbcore: registered new interface driver hub
usbcore: registered new device driver usb
PCI: Using ACPI for IRQ routing
PCI: old code would have set cacheline size to 32 bytes, but clflush_size = 64
PCI: pci_cache_line_size set to 64 bytes
NetLabel: Initializing
NetLabel:  domain hash size = 128
NetLabel:  protocols = UNLABELED CIPSOv4
NetLabel:  unlabeled traffic allowed by default
  alloc irq_desc for 24 on node 0
  alloc kstat_irqs on node 0
  alloc irq_desc for 25 on node 0
  alloc kstat_irqs on node 0
  alloc irq_desc for 26 on node 0
  alloc kstat_irqs on node 0
  alloc irq_desc for 27 on node 0
  alloc kstat_irqs on node 0
  alloc irq_desc for 28 on node 0
  alloc kstat_irqs on node 0
HPET: 8 timers in total, 5 timers will be used for per-cpu timer
hpet0: at MMIO 0xfed00000, IRQs 2, 8, 24, 25, 26, 27, 28, 0
hpet0: 8 comparators, 64-bit 14.318180 MHz counter
hpet: hpet2 irq 24 for MSI
hpet: hpet3 irq 25 for MSI
hpet: hpet4 irq 26 for MSI
hpet: hpet5 irq 27 for MSI
hpet: hpet6 irq 28 for MSI
Switching to clocksource hpet
pnp: PnP ACPI init
ACPI: bus type pnp registered
pnp 00:00: [io  0x0cf8-0x0cff]
pnp 00:00: Plug and Play ACPI device, IDs PNP0a08 PNP0a03 (active)
pnp 00:01: [io  0x0010-0x001f]
pnp 00:01: [io  0x0024-0x0025]
pnp 00:01: [io  0x0028-0x0029]
pnp 00:01: [io  0x002c-0x002d]
pnp 00:01: [io  0x002e-0x002f]
pnp 00:01: [io  0x0030-0x0031]
pnp 00:01: [io  0x0034-0x0035]
pnp 00:01: [io  0x0038-0x0039]
pnp 00:01: [io  0x003c-0x003d]
pnp 00:01: [io  0x004e-0x004f]
pnp 00:01: [io  0x0050-0x0053]
pnp 00:01: [io  0x0063]
pnp 00:01: [io  0x0065]
pnp 00:01: [io  0x0067]
pnp 00:01: [io  0x0072-0x0077]
pnp 00:01: [io  0x007e-0x007f]
pnp 00:01: [io  0x0080]
pnp 00:01: [io  0x0090-0x009f]
pnp 00:01: [io  0x00a4-0x00a5]
pnp 00:01: [io  0x00a8-0x00a9]
pnp 00:01: [io  0x00ac-0x00ad]
pnp 00:01: [io  0x00b0-0x00b5]
pnp 00:01: [io  0x00b8-0x00b9]
pnp 00:01: [io  0x00bc-0x00bd]
pnp 00:01: [io  0x0290-0x029f]
pnp 00:01: [io  0x04d0-0x04d1]
pnp 00:01: [io  0x0800-0x080f]
pnp 00:01: [io  0x1000-0x107f]
pnp 00:01: [io  0x1180-0x11bf]
pnp 00:01: [io  0xfe00]
pnp 00:01: [mem 0xe0000000-0xefffffff]
pnp 00:01: [mem 0xfe710000-0xfe710fff]
pnp 00:01: [mem 0xfe711000-0xfe711fff]
pnp 00:01: [mem 0xfe713000-0xfe713fff]
pnp 00:01: [mem 0xfc000000-0xfcffffff]
pnp 00:01: [mem 0xfee00000-0xfeefffff]
pnp 00:01: [mem 0xfe800000-0xfe9fffff]
pnp 00:01: [mem 0xfeb00000-0xfebfffff]
pnp 00:01: [mem 0xfed20000-0xfed44fff]
pnp 00:01: [mem 0xfed45000-0xfed8ffff]
pnp 00:01: Plug and Play ACPI device, IDs PNP0c02 (active)
pnp 00:02: [io  0x0000-0x001f]
pnp 00:02: [io  0x0081-0x0091]
pnp 00:02: [io  0x0093-0x009f]
pnp 00:02: [io  0x00c0-0x00df]
pnp 00:02: [dma 4]
pnp 00:02: Plug and Play ACPI device, IDs PNP0200 (active)
pnp 00:03: [io  0x00f0-0x00fe]
pnp 00:03: [irq 13]
pnp 00:03: Plug and Play ACPI device, IDs PNP0c04 (active)
pnp 00:04: [irq 0 disabled]
pnp 00:04: [irq 8]
pnp 00:04: [mem 0xfed00000-0xfed003ff]
pnp 00:04: Plug and Play ACPI device, IDs PNP0103 (active)
pnp 00:05: [io  0x0070-0x0071]
pnp 00:05: Plug and Play ACPI device, IDs PNP0b00 (active)
pnp 00:06: [io  0x0061]
pnp 00:06: Plug and Play ACPI device, IDs PNP0800 (active)
pnp 00:07: [io  0x03f8-0x03ff]
pnp 00:07: [irq 4]
pnp 00:07: Plug and Play ACPI device, IDs PNP0501 (active)
pnp 00:08: [io  0x02f8-0x02ff]
pnp 00:08: [irq 3]
pnp 00:08: Plug and Play ACPI device, IDs PNP0501 (active)
pnp 00:09: [io  0x0060]
pnp 00:09: [io  0x0064]
pnp 00:09: [irq 1]
pnp 00:09: Plug and Play ACPI device, IDs PNP0303 (active)
pnp 00:0a: [irq 12]
pnp 00:0a: Plug and Play ACPI device, IDs PNP0f13 (active)
pnp: PnP ACPI: found 11 devices
ACPI: ACPI bus type pnp unregistered
system 00:01: [io  0x0290-0x029f] has been reserved
system 00:01: [io  0x04d0-0x04d1] has been reserved
system 00:01: [io  0x0800-0x080f] has been reserved
system 00:01: [io  0x1000-0x107f] has been reserved
system 00:01: [io  0x1180-0x11bf] has been reserved
system 00:01: [io  0xfe00] has been reserved
system 00:01: [mem 0xe0000000-0xefffffff] has been reserved
system 00:01: [mem 0xfe710000-0xfe710fff] could not be reserved
system 00:01: [mem 0xfe711000-0xfe711fff] has been reserved
system 00:01: [mem 0xfe713000-0xfe713fff] has been reserved
system 00:01: [mem 0xfc000000-0xfcffffff] has been reserved
system 00:01: [mem 0xfee00000-0xfeefffff] could not be reserved
system 00:01: [mem 0xfe800000-0xfe9fffff] has been reserved
system 00:01: [mem 0xfeb00000-0xfebfffff] has been reserved
system 00:01: [mem 0xfed20000-0xfed44fff] has been reserved
system 00:01: [mem 0xfed45000-0xfed8ffff] has been reserved
PCI: max bus depth: 1 pci_try_num: 2
pci 0000:00:1c.0: BAR 15: assigned [mem 0xc0000000-0xc00fffff pref]
pci 0000:00:1c.7: BAR 15: assigned [mem 0xc0100000-0xc02fffff 64bit pref]
pci 0000:00:1c.4: BAR 14: assigned [mem 0xc0300000-0xc04fffff]
pci 0000:00:1c.4: BAR 15: assigned [mem 0xc0500000-0xc06fffff 64bit pref]
pci 0000:00:1c.4: BAR 13: assigned [io  0x5000-0x5fff]
pci 0000:00:03.0: PCI bridge to [bus 01-01]
pci 0000:00:03.0: PCI bridge to [bus 01-01]
pci 0000:00:03.0:   bridge window [io  disabled]
pci 0000:00:03.0:   bridge window [mem disabled]
pci 0000:00:03.0:   bridge window [mem pref disabled]
pci 0000:05:00.0: BAR 6: assigned [mem 0xc0000000-0xc003ffff pref]
pci 0000:00:1c.0: PCI bridge to [bus 05-05]
pci 0000:00:1c.0: PCI bridge to [bus 05-05]
pci 0000:00:1c.0:   bridge window [io  0x2000-0x2fff]
pci 0000:00:1c.0:   bridge window [mem 0xdc000000-0xdc0fffff]
pci 0000:00:1c.0:   bridge window [mem 0xc0000000-0xc00fffff pref]
pci 0000:00:1c.4: PCI bridge to [bus 0d-0d]
pci 0000:00:1c.4: PCI bridge to [bus 0d-0d]
pci 0000:00:1c.4:   bridge window [io  0x5000-0x5fff]
pci 0000:00:1c.4:   bridge window [mem 0xc0300000-0xc04fffff]
pci 0000:00:1c.4:   bridge window [mem 0xc0500000-0xc06fffff 64bit pref]
pci 0000:00:1c.7: PCI bridge to [bus 0e-0e]
pci 0000:00:1c.7: PCI bridge to [bus 0e-0e]
pci 0000:00:1c.7:   bridge window [io  0x3000-0x3fff]
pci 0000:00:1c.7:   bridge window [mem 0xdc100000-0xdc1fffff]
pci 0000:00:1c.7:   bridge window [mem 0xc0100000-0xc02fffff 64bit pref]
pci 0000:11:00.0: BAR 6: assigned [mem 0xdc260000-0xdc27ffff pref]
pci 0000:00:1e.0: PCI bridge to [bus 11-11]
pci 0000:00:1e.0: PCI bridge to [bus 11-11]
pci 0000:00:1e.0:   bridge window [io  0x4000-0x4fff]
pci 0000:00:1e.0:   bridge window [mem 0xdc200000-0xdc2fffff]
pci 0000:00:1e.0:   bridge window [mem 0xd0000000-0xdbffffff 64bit pref]
  alloc irq_desc for 16 on node -1
  alloc kstat_irqs on node -1
pci 0000:00:03.0: PCI INT A -> GSI 16 (level, low) -> IRQ 16
pci 0000:00:03.0: setting latency timer to 64
  alloc irq_desc for 17 on node -1
  alloc kstat_irqs on node -1
pci 0000:00:1c.0: PCI INT A -> GSI 17 (level, low) -> IRQ 17
pci 0000:00:1c.0: setting latency timer to 64
pci 0000:00:1c.4: enabling device (0140 -> 0143)
pci 0000:00:1c.4: PCI INT A -> GSI 17 (level, low) -> IRQ 17
pci 0000:00:1c.4: setting latency timer to 64
  alloc irq_desc for 19 on node -1
  alloc kstat_irqs on node -1
pci 0000:00:1c.7: PCI INT D -> GSI 19 (level, low) -> IRQ 19
pci 0000:00:1c.7: setting latency timer to 64
pci 0000:00:1e.0: setting latency timer to 64
pci_bus 0000:00: resource 4 [io  0x0000-0x0cf7]
pci_bus 0000:00: resource 5 [io  0x0d00-0xffff]
pci_bus 0000:00: resource 6 [mem 0x000a0000-0x000bffff]
pci_bus 0000:00: resource 7 [mem 0x000d4000-0x000d7fff]
pci_bus 0000:00: resource 8 [mem 0x000d8000-0x000dbfff]
pci_bus 0000:00: resource 9 [mem 0x000dc000-0x000dffff]
pci_bus 0000:00: resource 10 [mem 0xc0000000-0xdfffffff]
pci_bus 0000:05: resource 0 [io  0x2000-0x2fff]
pci_bus 0000:05: resource 1 [mem 0xdc000000-0xdc0fffff]
pci_bus 0000:05: resource 2 [mem 0xc0000000-0xc00fffff pref]
pci_bus 0000:0d: resource 0 [io  0x5000-0x5fff]
pci_bus 0000:0d: resource 1 [mem 0xc0300000-0xc04fffff]
pci_bus 0000:0d: resource 2 [mem 0xc0500000-0xc06fffff 64bit pref]
pci_bus 0000:0e: resource 0 [io  0x3000-0x3fff]
pci_bus 0000:0e: resource 1 [mem 0xdc100000-0xdc1fffff]
pci_bus 0000:0e: resource 2 [mem 0xc0100000-0xc02fffff 64bit pref]
pci_bus 0000:11: resource 0 [io  0x4000-0x4fff]
pci_bus 0000:11: resource 1 [mem 0xdc200000-0xdc2fffff]
pci_bus 0000:11: resource 2 [mem 0xd0000000-0xdbffffff 64bit pref]
pci_bus 0000:11: resource 4 [io  0x0000-0x0cf7]
pci_bus 0000:11: resource 5 [io  0x0d00-0xffff]
pci_bus 0000:11: resource 6 [mem 0x000a0000-0x000bffff]
pci_bus 0000:11: resource 7 [mem 0x000d4000-0x000d7fff]
pci_bus 0000:11: resource 8 [mem 0x000d8000-0x000dbfff]
pci_bus 0000:11: resource 9 [mem 0x000dc000-0x000dffff]
pci_bus 0000:11: resource 10 [mem 0xc0000000-0xdfffffff]
NET: Registered protocol family 2
IP route cache hash table entries: 524288 (order: 10, 4194304 bytes)
TCP established hash table entries: 524288 (order: 11, 8388608 bytes)
TCP bind hash table entries: 65536 (order: 8, 1048576 bytes)
TCP: Hash tables configured (established 524288 bind 65536)
TCP reno registered
NET: Registered protocol family 1
pci 0000:00:1a.0: PCI INT A -> GSI 16 (level, low) -> IRQ 16
pci 0000:00:1a.0: PCI INT A disabled
  alloc irq_desc for 23 on node -1
  alloc kstat_irqs on node -1
pci 0000:00:1d.0: PCI INT A -> GSI 23 (level, low) -> IRQ 23
pci 0000:00:1d.0: PCI INT A disabled
pci 0000:11:00.0: Boot video device
Trying to unpack rootfs image as initramfs...
Freeing initrd memory: 15835k freed
Simple Boot Flag at 0x36 set to 0x80
audit: initializing netlink socket (disabled)
type=2000 audit(1384050079.507:1): initialized
HugeTLB registered 2 MB page size, pre-allocated 0 pages
VFS: Disk quotas dquot_6.5.2
Dquot-cache hash table entries: 512 (order 0, 4096 bytes)
msgmni has been set to 31878
SELinux:  Registering netfilter hooks
alg: No test for stdrng (krng)
ksign: Installing public key data
Loading keyring
- Added public key DB6BC3CB5AEBCDD6
- User ID: Red Hat, Inc. (Kernel Module GPG key)
- Added public key D4A26C9CCD09BEDA
- User ID: Red Hat Enterprise Linux Driver Update Program <secalert@redhat.com>
Block layer SCSI generic (bsg) driver version 0.4 loaded (major 251)
io scheduler noop registered
io scheduler anticipatory registered
io scheduler deadline registered
io scheduler cfq registered (default)
pci_hotplug: PCI Hot Plug PCI Core version: 0.5
pciehp: PCI Express Hot Plug Controller Driver version: 0.4
acpiphp: ACPI Hot Plug PCI Controller Driver version: 0.5
intel_idle: MWAIT substates: 0x1120
intel_idle: v0.4 model 0x1E
intel_idle: lapic_timer_reliable_states 0x2
ipmi message handler version 39.2
IPMI System Interface driver.
ipmi_si: Adding default-specified kcs state machine
ipmi_si: Trying default-specified kcs state machine at i/o address 0xca2, slave address 0x0, irq 0
ipmi_si: Interface detection failed
ipmi_si: Adding default-specified smic state machine
ipmi_si: Trying default-specified smic state machine at i/o address 0xca9, slave address 0x0, irq 0
ipmi_si: Interface detection failed
ipmi_si: Adding default-specified bt state machine
ipmi_si: Trying default-specified bt state machine at i/o address 0xe4, slave address 0x0, irq 0
ipmi_si: Interface detection failed
ipmi_si: Unable to find any System Interface(s)
input: Power Button as /devices/LNXSYSTM:00/LNXSYBUS:00/PNP0A08:00/PNP0C0C:00/input/input0
ACPI: Power Button [PWRB]
input: Power Button as /devices/LNXSYSTM:00/LNXPWRBN:00/input/input1
ACPI: Power Button [PWRF]
ACPI: acpi_idle yielding to intel_idle
ERST: Table is not found!
GHES: HEST is not enabled!
Non-volatile memory driver v1.3
Linux agpgart interface v0.103
crash memory driver: version 1.1
Serial: 8250/16550 driver, 4 ports, IRQ sharing enabled
serial8250: ttyS0 at I/O 0x3f8 (irq = 4) is a 16550A
serial8250: ttyS1 at I/O 0x2f8 (irq = 3) is a 16550A
00:07: ttyS0 at I/O 0x3f8 (irq = 4) is a 16550A
00:08: ttyS1 at I/O 0x2f8 (irq = 3) is a 16550A
brd: module loaded
loop: module loaded
input: Macintosh mouse button emulation as /devices/virtual/input/input2
Fixed MDIO Bus: probed
ehci_hcd: USB 2.0 'Enhanced' Host Controller (EHCI) Driver
ehci_hcd 0000:00:1a.0: PCI INT A -> GSI 16 (level, low) -> IRQ 16
ehci_hcd 0000:00:1a.0: setting latency timer to 64
ehci_hcd 0000:00:1a.0: EHCI Host Controller
ehci_hcd 0000:00:1a.0: new USB bus registered, assigned bus number 1
ehci_hcd 0000:00:1a.0: debug port 2
ehci_hcd 0000:00:1a.0: cache line size of 64 is not supported
ehci_hcd 0000:00:1a.0: irq 16, io mem 0xdc500000
ehci_hcd 0000:00:1a.0: USB 2.0 started, EHCI 1.00
usb usb1: New USB device found, idVendor=1d6b, idProduct=0002
usb usb1: New USB device strings: Mfr=3, Product=2, SerialNumber=1
usb usb1: Product: EHCI Host Controller
usb usb1: Manufacturer: Linux 2.6.32-358.el6.x86_64 ehci_hcd
usb usb1: SerialNumber: 0000:00:1a.0
usb usb1: configuration #1 chosen from 1 choice
hub 1-0:1.0: USB hub found
hub 1-0:1.0: 2 ports detected
ehci_hcd 0000:00:1d.0: PCI INT A -> GSI 23 (level, low) -> IRQ 23
ehci_hcd 0000:00:1d.0: setting latency timer to 64
ehci_hcd 0000:00:1d.0: EHCI Host Controller
ehci_hcd 0000:00:1d.0: new USB bus registered, assigned bus number 2
ehci_hcd 0000:00:1d.0: debug port 2
ehci_hcd 0000:00:1d.0: cache line size of 64 is not supported
ehci_hcd 0000:00:1d.0: irq 23, io mem 0xdc501000
ehci_hcd 0000:00:1d.0: USB 2.0 started, EHCI 1.00
usb usb2: New USB device found, idVendor=1d6b, idProduct=0002
usb usb2: New USB device strings: Mfr=3, Product=2, SerialNumber=1
usb usb2: Product: EHCI Host Controller
usb usb2: Manufacturer: Linux 2.6.32-358.el6.x86_64 ehci_hcd
usb usb2: SerialNumber: 0000:00:1d.0
usb usb2: configuration #1 chosen from 1 choice
hub 2-0:1.0: USB hub found
hub 2-0:1.0: 2 ports detected
ohci_hcd: USB 1.1 'Open' Host Controller (OHCI) Driver
uhci_hcd: USB Universal Host Controller Interface driver
PNP: PS/2 Controller [PNP0303:PS2K,PNP0f13:PS2M] at 0x60,0x64 irq 1,12
serio: i8042 KBD port at 0x60,0x64 irq 1
mice: PS/2 mouse device common for all mice
rtc_cmos 00:05: RTC can wake from S4
rtc_cmos 00:05: rtc core: registered rtc_cmos as rtc0
rtc0: alarms up to one month, y3k, 114 bytes nvram, hpet irqs
cpuidle: using governor ladder
cpuidle: using governor menu
EFI Variables Facility v0.08 2004-May-17
usbcore: registered new interface driver hiddev
usbcore: registered new interface driver usbhid
usbhid: v2.6:USB HID core driver
TCP cubic registered
Initializing XFRM netlink socket
NET: Registered protocol family 17
registered taskstats version 1
rtc_cmos 00:05: setting system clock to 2013-11-10 02:21:20 UTC (1384050080)
Initalizing network drop monitor service
Freeing unused kernel memory: 1264k freed
Write protecting the kernel read-only data: 10240k
Freeing unused kernel memory: 904k freed
Freeing unused kernel memory: 1676k freed
dracut: dracut-004-303.el6
dracut: rd_NO_LUKS: removing cryptoluks activation
device-mapper: uevent: version 1.0.3
device-mapper: ioctl: 4.23.6-ioctl (2012-07-25) initialised: dm-devel@redhat.com
usb 1-1: new high speed USB device number 2 using ehci_hcd
udev: starting version 147
[drm] Initialized drm 1.1.0 20060810
[drm] VGACON disable radeon kernel modesetting.
pci 0000:11:00.0: PCI INT A -> GSI 16 (level, low) -> IRQ 16
[drm] Supports vblank timestamp caching Rev 1 (10.10.2010).
[drm] No driver support for vblank timestamp query.
[drm] Initialized radeon 1.33.0 20080528 for 0000:11:00.0 on minor 0
usb 1-1: New USB device found, idVendor=8087, idProduct=0020
usb 1-1: New USB device strings: Mfr=0, Product=0, SerialNumber=0
usb 1-1: configuration #1 chosen from 1 choice
hub 1-1:1.0: USB hub found
hub 1-1:1.0: 6 ports detected
dracut: Starting plymouth daemon
dracut: rd_NO_DM: removing DM RAID activation
dracut: rd_NO_MD: removing MD RAID activation
Refined TSC clocksource calibration: 2526.961 MHz.
Switching to clocksource tsc
ata_piix 0000:00:1f.2: version 2.13
ata_piix 0000:00:1f.2: PCI INT B -> GSI 19 (level, low) -> IRQ 19
ata_piix 0000:00:1f.2: MAP [ P0 P2 P1 P3 ]
ata_piix 0000:00:1f.2: setting latency timer to 64
scsi0 : ata_piix
scsi1 : ata_piix
ata1: SATA max UDMA/133 cmd 0x1830 ctl 0x1824 bmdma 0x1810 irq 19
ata2: SATA max UDMA/133 cmd 0x1828 ctl 0x1820 bmdma 0x1818 irq 19
  alloc irq_desc for 18 on node -1
  alloc kstat_irqs on node -1
ata_piix 0000:00:1f.5: PCI INT C -> GSI 18 (level, low) -> IRQ 18
ata_piix 0000:00:1f.5: MAP [ P0 -- P1 -- ]
ata_piix 0000:00:1f.5: setting latency timer to 64
scsi2 : ata_piix
scsi3 : ata_piix
ata3: SATA max UDMA/133 cmd 0x1888 ctl 0x183c bmdma 0x1870 irq 18
ata4: SATA max UDMA/133 cmd 0x1880 ctl 0x1838 bmdma 0x1878 irq 18
usb 2-1: new high speed USB device number 2 using ehci_hcd
usb 2-1: New USB device found, idVendor=8087, idProduct=0020
usb 2-1: New USB device strings: Mfr=0, Product=0, SerialNumber=0
usb 2-1: configuration #1 chosen from 1 choice
hub 2-1:1.0: USB hub found
hub 2-1:1.0: 6 ports detected
ata3: SATA link down (SStatus 0 SControl 300)
ata4: SATA link up 1.5 Gbps (SStatus 113 SControl 300)
ata4.00: ATAPI: HL-DT-ST DVDROM DH20N, NC04, max UDMA/100
ata4.00: configured for UDMA/100
ata2.00: SATA link down (SStatus 0 SControl 300)
ata2.01: SATA link down (SStatus 0 SControl 300)
ata1.00: SATA link down (SStatus 0 SControl 300)
ata1.01: SATA link down (SStatus 0 SControl 300)
scsi 3:0:0:0: CD-ROM            HL-DT-ST DVDROM DH20N     NC04 PQ: 0 ANSI: 5
megasas: 06.504.01.00-rh1 Mon. Oct. 8 17:00:00 PDT 2012
megasas: 0x1000:0x0079:0x1000:0x9260: bus 5:slot 0:func 0
megaraid_sas 0000:05:00.0: PCI INT A -> GSI 16 (level, low) -> IRQ 16
megaraid_sas 0000:05:00.0: setting latency timer to 64
megasas: FW now in Ready state
  alloc irq_desc for 29 on node -1
  alloc kstat_irqs on node -1
megaraid_sas 0000:05:00.0: irq 29 for MSI/MSI-X
megasas_init_mfi: fw_support_ieee=0
megasas: INIT adapter done
scsi4 : LSI SAS based MegaRAID driver
scsi 4:0:8:0: Direct-Access     SEAGATE  ST3300657SS      0008 PQ: 0 ANSI: 5
scsi 4:0:9:0: Direct-Access     SEAGATE  ST3300657SS      0008 PQ: 0 ANSI: 5
scsi 4:0:10:0: Direct-Access     SEAGATE  ST3300657SS      0008 PQ: 0 ANSI: 5
scsi 4:0:11:0: Direct-Access     SEAGATE  ST3300657SS      0008 PQ: 0 ANSI: 5
scsi 4:2:0:0: Direct-Access     LSI      MR9260-4i        2.70 PQ: 0 ANSI: 5
scsi 4:2:1:0: Direct-Access     LSI      MR9260-4i        2.70 PQ: 0 ANSI: 5
scsi 4:2:2:0: Direct-Access     LSI      MR9260-4i        2.70 PQ: 0 ANSI: 5
scsi 4:2:3:0: Direct-Access     LSI      MR9260-4i        2.70 PQ: 0 ANSI: 5
sr0: scsi3-mmc drive: 12x/40x cd/rw xa/form2 cdda tray
Uniform CD-ROM driver Revision: 3.20
sr 3:0:0:0: Attached scsi CD-ROM sr0
sd 4:2:0:0: [sda] 584843264 512-byte logical blocks: (299 GB/278 GiB)
sd 4:2:1:0: [sdb] 584843264 512-byte logical blocks: (299 GB/278 GiB)
sd 4:2:3:0: [sdd] 584843264 512-byte logical blocks: (299 GB/278 GiB)
sd 4:2:0:0: [sda] Write Protect is off
sd 4:2:0:0: [sda] Mode Sense: 1f 00 10 08
sd 4:2:1:0: [sdb] Write Protect is off
sd 4:2:1:0: [sdb] Mode Sense: 1f 00 10 08
sd 4:2:2:0: [sdc] 584843264 512-byte logical blocks: (299 GB/278 GiB)
sd 4:2:0:0: [sda] Write cache: disabled, read cache: enabled, supports DPO and FUA
sd 4:2:3:0: [sdd] Write Protect is off
sd 4:2:3:0: [sdd] Mode Sense: 1f 00 10 08
sd 4:2:1:0: [sdb] Write cache: disabled, read cache: enabled, supports DPO and FUA
sd 4:2:3:0: [sdd] Write cache: disabled, read cache: enabled, supports DPO and FUA
sd 4:2:2:0: [sdc] Write Protect is off
sd 4:2:2:0: [sdc] Mode Sense: 1f 00 10 08
 sda:
 sdd:
sd 4:2:2:0: [sdc] Write cache: disabled, read cache: enabled, supports DPO and FUA
 sdb:
 sdc: sda1 sda2
 sdb1
sd 4:2:0:0: [sda] Attached SCSI disk
sd 4:2:1:0: [sdb] Attached SCSI disk
 sdc1
sd 4:2:2:0: [sdc] Attached SCSI disk
 sdd1
sd 4:2:3:0: [sdd] Attached SCSI disk
dracut: Scanning devices sda2  for LVM logical volumes vg_devsv02/lv_swap vg_devsv02/lv_root 
dracut: inactive '/dev/vg_devsv02/lv_root' [50.00 GiB] inherit
dracut: inactive '/dev/vg_devsv02/lv_home' [220.53 GiB] inherit
dracut: inactive '/dev/vg_devsv02/lv_swap' [7.85 GiB] inherit
EXT4-fs (dm-0): mounted filesystem with ordered data mode. Opts: 
dracut: Mounted root filesystem /dev/mapper/vg_devsv02-lv_root
dracut: Loading SELinux policy
type=1404 audit(1384050082.105:2): enforcing=1 old_enforcing=0 auid=4294967295 ses=4294967295
SELinux: 2048 avtab hash slots, 276421 rules.
SELinux: 2048 avtab hash slots, 276421 rules.
SELinux:  9 users, 12 roles, 3889 types, 201 bools, 1 sens, 1024 cats
SELinux:  81 classes, 276421 rules
SELinux:  Completing initialization.
SELinux:  Setting up existing superblocks.
SELinux: initialized (dev dm-0, type ext4), uses xattr
SELinux: initialized (dev tmpfs, type tmpfs), uses transition SIDs
SELinux: initialized (dev usbfs, type usbfs), uses genfs_contexts
SELinux: initialized (dev selinuxfs, type selinuxfs), uses genfs_contexts
SELinux: initialized (dev mqueue, type mqueue), uses transition SIDs
SELinux: initialized (dev hugetlbfs, type hugetlbfs), uses transition SIDs
SELinux: initialized (dev devpts, type devpts), uses transition SIDs
SELinux: initialized (dev inotifyfs, type inotifyfs), uses genfs_contexts
SELinux: initialized (dev anon_inodefs, type anon_inodefs), uses genfs_contexts
SELinux: initialized (dev pipefs, type pipefs), uses task SIDs
SELinux: initialized (dev debugfs, type debugfs), uses genfs_contexts
SELinux: initialized (dev sockfs, type sockfs), uses task SIDs
SELinux: initialized (dev devtmpfs, type devtmpfs), uses transition SIDs
SELinux: initialized (dev tmpfs, type tmpfs), uses transition SIDs
SELinux: initialized (dev proc, type proc), uses genfs_contexts
SELinux: initialized (dev bdev, type bdev), uses genfs_contexts
SELinux: initialized (dev rootfs, type rootfs), uses genfs_contexts
SELinux: initialized (dev sysfs, type sysfs), uses genfs_contexts
type=1403 audit(1384050082.511:3): policy loaded auid=4294967295 ses=4294967295
dracut: 
dracut: Switching root
readahead: starting
udev: starting version 147
shpchp: Standard Hot Plug PCI Controller Driver version: 0.4
iTCO_vendor_support: vendor-support=0
iTCO_wdt: Intel TCO WatchDog Timer Driver v1.07rh
iTCO_wdt: Found a 3420 TCO device (Version=2, TCOBASE=0x1060)
iTCO_wdt: initialized. heartbeat=30 sec (nowayout=0)
i801_smbus 0000:00:1f.3: PCI INT C -> GSI 18 (level, low) -> IRQ 18
microcode: CPU0 sig=0x106e5, pf=0x2, revision=0x4
platform microcode: firmware: requesting intel-ucode/06-1e-05
microcode: CPU1 sig=0x106e5, pf=0x2, revision=0x4
platform microcode: firmware: requesting intel-ucode/06-1e-05
microcode: CPU2 sig=0x106e5, pf=0x2, revision=0x4
platform microcode: firmware: requesting intel-ucode/06-1e-05
microcode: CPU3 sig=0x106e5, pf=0x2, revision=0x4
platform microcode: firmware: requesting intel-ucode/06-1e-05
microcode: CPU4 sig=0x106e5, pf=0x2, revision=0x4
platform microcode: firmware: requesting intel-ucode/06-1e-05
microcode: CPU5 sig=0x106e5, pf=0x2, revision=0x4
platform microcode: firmware: requesting intel-ucode/06-1e-05
microcode: CPU6 sig=0x106e5, pf=0x2, revision=0x4
platform microcode: firmware: requesting intel-ucode/06-1e-05
microcode: CPU7 sig=0x106e5, pf=0x2, revision=0x4
platform microcode: firmware: requesting intel-ucode/06-1e-05
Microcode Update Driver: v2.00 <tigran@aivazian.fsnet.co.uk>, Peter Oruba
microcode: CPU0 updated to revision 0x5, date = 2011-09-01 
microcode: CPU1 updated to revision 0x5, date = 2011-09-01 
microcode: CPU2 updated to revision 0x5, date = 2011-09-01 
microcode: CPU3 updated to revision 0x5, date = 2011-09-01 
microcode: CPU4 updated to revision 0x5, date = 2011-09-01 
microcode: CPU5 updated to revision 0x5, date = 2011-09-01 
microcode: CPU6 updated to revision 0x5, date = 2011-09-01 
microcode: CPU7 updated to revision 0x5, date = 2011-09-01 
sr 3:0:0:0: Attached scsi generic sg0 type 5
sd 4:2:0:0: Attached scsi generic sg1 type 0
sd 4:2:1:0: Attached scsi generic sg2 type 0
sd 4:2:2:0: Attached scsi generic sg3 type 0
sd 4:2:3:0: Attached scsi generic sg4 type 0
e1000e: Intel(R) PRO/1000 Network Driver - 2.1.4-k
e1000e: Copyright(c) 1999 - 2012 Intel Corporation.
e1000e 0000:0e:00.0: Disabling ASPM L0s L1
e1000e 0000:0e:00.0: PCI INT A -> GSI 19 (level, low) -> IRQ 19
e1000e 0000:0e:00.0: setting latency timer to 64
e1000e 0000:0e:00.0: Interrupt Throttling Rate (ints/sec) set to dynamic conservative mode
  alloc irq_desc for 30 on node -1
  alloc kstat_irqs on node -1
e1000e 0000:0e:00.0: irq 30 for MSI/MSI-X
  alloc irq_desc for 31 on node -1
  alloc kstat_irqs on node -1
e1000e 0000:0e:00.0: irq 31 for MSI/MSI-X
  alloc irq_desc for 32 on node -1
  alloc kstat_irqs on node -1
e1000e 0000:0e:00.0: irq 32 for MSI/MSI-X
e1000e 0000:0e:00.0: eth0: (PCI Express:2.5GT/s:Width x1) 6c:f0:49:c6:ed:9b
e1000e 0000:0e:00.0: eth0: Intel(R) PRO/1000 Network Connection
e1000e 0000:0e:00.0: eth0: MAC: 3, PHY: 8, PBA No: FFFFFF-0FF
EXT4-fs (sda1): mounted filesystem with ordered data mode. Opts: 
SELinux: initialized (dev sda1, type ext4), uses xattr
EXT4-fs (dm-2): mounted filesystem with ordered data mode. Opts: 
SELinux: initialized (dev dm-2, type ext4), uses xattr
EXT4-fs (sdb1): mounted filesystem with ordered data mode. Opts: 
SELinux: initialized (dev sdb1, type ext4), uses xattr
EXT4-fs (sdc1): mounted filesystem with ordered data mode. Opts: 
SELinux: initialized (dev sdc1, type ext4), uses xattr
EXT4-fs (sdd1): mounted filesystem with ordered data mode. Opts: 
SELinux: initialized (dev sdd1, type ext4), uses xattr
Adding 8232952k swap on /dev/mapper/vg_devsv02-lv_swap.  Priority:-1 extents:1 across:8232952k 
SELinux: initialized (dev binfmt_misc, type binfmt_misc), uses genfs_contexts
NET: Registered protocol family 10
lo: Disabled Privacy Extensions
ip6_tables: (C) 2000-2006 Netfilter Core Team
nf_conntrack version 0.5.0 (16384 buckets, 65536 max)
ip_tables: (C) 2000-2006 Netfilter Core Team
ADDRCONF(NETDEV_UP): eth0: link is not ready
e1000e: eth0 NIC Link is Up 1000 Mbps Full Duplex, Flow Control: None
ADDRCONF(NETDEV_CHANGE): eth0: link becomes ready
RPC: Registered named UNIX socket transport module.
RPC: Registered udp transport module.
RPC: Registered tcp transport module.
RPC: Registered tcp NFSv4.1 backchannel transport module.
SELinux: initialized (dev rpc_pipefs, type rpc_pipefs), uses genfs_contexts
coretemp coretemp.0: TjMax is 99 C.
coretemp coretemp.0: TjMax is 99 C.
coretemp coretemp.0: TjMax is 99 C.
coretemp coretemp.0: TjMax is 99 C.
w83627ehf: Found W83627DHG-P chip at 0x290
SELinux: initialized (dev autofs, type autofs), uses genfs_contexts
SELinux: initialized (dev autofs, type autofs), uses genfs_contexts
SELinux: initialized (dev autofs, type autofs), uses genfs_contexts
